2026-02-18T23:12:37.7922824Z,Updating submodules.,69ad3ba7-ec19-4fea-a5da-07c36958ce98,0
2026-02-18T23:12:39.2636644Z,Preparing deployment for commit id 'd7049651-7'.,46183832-d162-49db-adca-559ca6172f54,0
2026-02-18T23:12:40.5223173Z,PreDeployment: context.CleanOutputPath False,6b075886-d626-4584-a353-e8df79bae9d7,0
2026-02-18T23:12:40.9466730Z,PreDeployment: context.OutputPath /home/site/wwwroot,8e958cb7-d9b8-4769-a01e-2fb09676edd9,0
2026-02-18T23:12:41.8463788Z,Repository path is /tmp/zipdeploy/extracted,9e508784-2a4c-4d1d-97bd-de4a0ddd8c92,0
2026-02-18T23:12:43.3946103Z,Running oryx build...,6d19996b-66de-4c37-aa30-176d9ac75a34,0
	2026-02-18T23:12:43.4471086Z,Command: oryx build /tmp/zipdeploy/extracted -o /home/site/wwwroot --platform python --platform-version 3.11 -p virtualenv_name=antenv --log-file /tmp/build-debug.log  -i /tmp/8de6f43366ae4c5 --compress-destination-dir | tee /tmp/oryx-build.log,,0
	2026-02-18T23:12:47.8441231Z,Operation performed by Microsoft Oryx&comma; https://github.com/Microsoft/Oryx,,0
	2026-02-18T23:12:47.9801645Z,You can report issues at https://github.com/Microsoft/Oryx/issues,,0
	2026-02-18T23:12:48.0293595Z,,,0
	2026-02-18T23:12:48.0697330Z,Oryx Version: 0.2.20260204.1+0fdbe200b286be083841ff7fa201c6c2316dc6b9&comma; Commit: 0fdbe200b286be083841ff7fa201c6c2316dc6b9&comma; ReleaseTagName: 20260204.1,,0
	2026-02-18T23:12:48.1355019Z,,,0
	2026-02-18T23:12:48.2223793Z,Build Operation ID: f120c559172e5929,,0
	2026-02-18T23:12:48.2587011Z,Repository Commit : d7049651-7ca4-4a13-8785-40f1c0255527,,0
	2026-02-18T23:12:48.3082310Z,OS Type           : bullseye,,0
	2026-02-18T23:12:48.5788462Z,Image Type        : githubactions,,0
	2026-02-18T23:12:48.6320874Z,,,0
	2026-02-18T23:12:48.7253024Z,Primary SDK Storage URL: https://oryx-cdn.microsoft.io,,0
	2026-02-18T23:12:48.7946073Z,Backup SDK Storage URL: ,,0
	2026-02-18T23:12:48.8247650Z,Detecting platforms...,,0
	2026-02-18T23:12:48.8520738Z,External SDK provider is enabled.,,0
	2026-02-18T23:12:48.9275715Z,Requesting metadata for platform python from external SDK provider,,0
	2026-02-18T23:12:49.5700902Z,Requesting metadata for platform python from external SDK provider,,0
	2026-02-18T23:12:50.1199453Z,Detected following platforms:,,0
	2026-02-18T23:12:50.1777367Z,  python: 3.11.14,,0
	2026-02-18T23:12:50.8686544Z,,,0
	2026-02-18T23:12:50.9765535Z,Using intermediate directory '/tmp/8de6f43366ae4c5'.,,0
	2026-02-18T23:12:50.9969361Z,,,0
	2026-02-18T23:12:51.0193731Z,Copying files to the intermediate directory...,,0
	2026-02-18T23:12:52.6888911Z,Copying files to intermediate directory done in 2 sec(s).,,0
	2026-02-18T23:12:52.7256356Z,,,0
	2026-02-18T23:12:52.7944558Z,Source directory     : /tmp/8de6f43366ae4c5,,0
	2026-02-18T23:12:52.8419234Z,Destination directory: /home/site/wwwroot,,0
	2026-02-18T23:12:52.8913207Z,,,0
	2026-02-18T23:12:53.2434553Z,Running build script snippets...,,0
	2026-02-18T23:12:53.2985648Z,Python Version: /tmp/oryx/platforms/python/3.11.14/bin/python3.11,,0
	2026-02-18T23:12:53.3385890Z,Creating directory for command manifest file if it does not exist,,0
	2026-02-18T23:12:53.3868929Z,Removing existing manifest file,,0
	2026-02-18T23:12:53.4389721Z,Python Virtual Environment: antenv,,0
	2026-02-18T23:12:53.5434416Z,Creating virtual environment...,,0
	2026-02-18T23:12:53.6331791Z,Executing: /tmp/oryx/platforms/python/3.11.14/bin/python3.11 -m venv antenv --copies --system-site-packages,,0
	2026-02-18T23:13:52.7691668Z,Activating virtual environment...,,0
	2026-02-18T23:13:52.8639404Z,Fast build is enabled,,0
	2026-02-18T23:13:52.9453043Z,Installing uv...,,0
	2026-02-18T23:14:03.2900959Z,Collecting uv,,0
	2026-02-18T23:14:03.5440249Z,  Using cached uv-0.10.4-py3-none-manylinux_2_17_x86_64.manylinux2014_x86_64.whl.metadata (11 kB),,0
	2026-02-18T23:14:03.8027177Z,Using cached uv-0.10.4-py3-none-manylinux_2_17_x86_64.manylinux2014_x86_64.whl (23.1 MB),,0
	2026-02-18T23:14:08.2218436Z,Installing collected packages: uv,,0
	2026-02-18T23:14:11.9041317Z,Successfully installed uv-0.10.4,,0
	2026-02-18T23:14:12.5240003Z,,,1
	2026-02-18T23:14:12.5526842Z,[notice] A new release of pip is available: 24.0 -> 26.0.1,,1
	2026-02-18T23:14:12.6185677Z,[notice] To update&comma; run: pip install --upgrade pip,,1
	2026-02-18T23:14:13.2338389Z,Running uv pip install...,,0
	2026-02-18T23:15:35.2570818Z,Using Python 3.11.14 environment at: antenv,,0
	2026-02-18T23:15:35.3193619Z,Resolved 80 packages in 1.49s,,0
	2026-02-18T23:15:35.3957418Z,Installed 80 packages in 2.26s,,0
	2026-02-18T23:15:35.4939174Z,Bytecode compiled 4429 files in 1m 16s,,0
	2026-02-18T23:15:35.6115449Z, + annotated-types==0.7.0,,0
	2026-02-18T23:15:35.6925841Z, + anyio==4.12.1,,0
	2026-02-18T23:15:35.7095452Z, + asgiref==3.11.1,,0
	2026-02-18T23:15:35.7364208Z, + azure-core==1.38.2,,0
	2026-02-18T23:15:35.7812609Z, + azure-core-tracing-opentelemetry==1.0.0b12,,0
	2026-02-18T23:15:35.8096900Z, + azure-identity==1.17.1,,0
	2026-02-18T23:15:35.8392997Z, + azure-monitor-opentelemetry==1.6.4,,0
	2026-02-18T23:15:35.8669913Z, + azure-monitor-opentelemetry-exporter==1.0.0b48,,0
	2026-02-18T23:15:35.8996148Z, + beautifulsoup4==4.14.3,,0
	2026-02-18T23:15:35.9369114Z, + certifi==2026.1.4,,0
	2026-02-18T23:15:35.9604666Z, + cffi==2.0.0,,0
	2026-02-18T23:15:36.0045606Z, + charset-normalizer==3.4.4,,0
	2026-02-18T23:15:36.0477139Z, + click==8.3.1,,0
	2026-02-18T23:15:36.0819368Z, + coverage==7.13.4,,0
	2026-02-18T23:15:36.1130311Z, + cryptography==46.0.5,,0
	2026-02-18T23:15:36.1621966Z, + fastapi==0.115.6,,0
	2026-02-18T23:15:36.2364411Z, + frozendict==2.4.7,,0
	2026-02-18T23:15:36.2624512Z, + gunicorn==23.0.0,,0
	2026-02-18T23:15:36.3438343Z, + h11==0.16.0,,0
	2026-02-18T23:15:36.4060579Z, + httpcore==1.0.9,,0
	2026-02-18T23:15:36.4996286Z, + httptools==0.7.1,,0
	2026-02-18T23:15:36.5664366Z, + httpx==0.28.1,,0
	2026-02-18T23:15:36.5807911Z, + idna==3.11,,0
	2026-02-18T23:15:36.6358217Z, + importlib-metadata==8.7.1,,0
	2026-02-18T23:15:36.6789000Z, + iniconfig==2.3.0,,0
	2026-02-18T23:15:36.7342543Z, + isodate==0.7.2,,0
	2026-02-18T23:15:36.8013958Z, + msal==1.34.0,,0
	2026-02-18T23:15:36.8796590Z, + msal-extensions==1.3.1,,0
	2026-02-18T23:15:37.0124662Z, + msrest==0.7.1,,0
	2026-02-18T23:15:37.0734292Z, + multitasking==0.0.12,,0
	2026-02-18T23:15:37.1254390Z, + numpy==2.4.2,,0
	2026-02-18T23:15:37.1445239Z, + oauthlib==3.3.1,,0
	2026-02-18T23:15:37.1696847Z, + opentelemetry-api==1.39.0,,0
	2026-02-18T23:15:37.1964327Z, + opentelemetry-instrumentation==0.60b0,,0
	2026-02-18T23:15:37.2264767Z, + opentelemetry-instrumentation-asgi==0.60b0,,0
	2026-02-18T23:15:37.2786879Z, + opentelemetry-instrumentation-dbapi==0.60b0,,0
	2026-02-18T23:15:37.3193289Z, + opentelemetry-instrumentation-django==0.60b0,,0
	2026-02-18T23:15:37.3644408Z, + opentelemetry-instrumentation-fastapi==0.60b0,,0
	2026-02-18T23:15:37.4136144Z, + opentelemetry-instrumentation-flask==0.60b0,,0
	2026-02-18T23:15:37.4656891Z, + opentelemetry-instrumentation-psycopg2==0.60b0,,0
	2026-02-18T23:15:37.5460762Z, + opentelemetry-instrumentation-requests==0.60b0,,0
	2026-02-18T23:15:37.5823879Z, + opentelemetry-instrumentation-urllib==0.60b0,,0
	2026-02-18T23:15:37.6796655Z, + opentelemetry-instrumentation-urllib3==0.60b0,,0
	2026-02-18T23:15:37.7229562Z, + opentelemetry-instrumentation-wsgi==0.60b0,,0
	2026-02-18T23:15:37.7817338Z, + opentelemetry-resource-detector-azure==0.1.5,,0
	2026-02-18T23:15:37.8494726Z, + opentelemetry-sdk==1.39.0,,0
	2026-02-18T23:15:37.9111139Z, + opentelemetry-semantic-conventions==0.60b0,,0
	2026-02-18T23:15:37.9602300Z, + opentelemetry-util-http==0.60b0,,0
	2026-02-18T23:15:37.9838271Z, + packaging==26.0,,0
	2026-02-18T23:15:38.0752151Z, + pandas==3.0.1,,0
	2026-02-18T23:15:38.0944625Z, + peewee==3.19.0,,0
	2026-02-18T23:15:38.1134781Z, + platformdirs==4.9.2,,0
	2026-02-18T23:15:38.1343696Z, + pluggy==1.6.0,,0
	2026-02-18T23:15:38.1569840Z, + psutil==7.2.2,,0
	2026-02-18T23:15:38.1858622Z, + pycparser==3.0,,0
	2026-02-18T23:15:38.2059107Z, + pydantic==2.12.5,,0
	2026-02-18T23:15:38.2258537Z, + pydantic-core==2.41.5,,0
	2026-02-18T23:15:38.2491444Z, + pyjwt==2.11.0,,0
	2026-02-18T23:15:38.2705801Z, + pyodbc==5.1.0,,0
	2026-02-18T23:15:38.2918143Z, + pytest==8.3.4,,0
	2026-02-18T23:15:38.3184282Z, + pytest-cov==6.0.0,,0
	2026-02-18T23:15:38.3391540Z, + python-dateutil==2.9.0.post0,,0
	2026-02-18T23:15:38.3639976Z, + python-dotenv==1.0.1,,0
	2026-02-18T23:15:38.3833280Z, + pytz==2025.2,,0
	2026-02-18T23:15:38.4105764Z, + pyyaml==6.0.3,,0
	2026-02-18T23:15:38.4279699Z, + requests==2.32.5,,0
	2026-02-18T23:15:38.4665409Z, + requests-oauthlib==2.0.0,,0
	2026-02-18T23:15:38.5286507Z, + six==1.17.0,,0
	2026-02-18T23:15:38.5494993Z, + soupsieve==2.8.3,,0
	2026-02-18T23:15:38.5686190Z, + starlette==0.41.3,,0
	2026-02-18T23:15:38.6154033Z, + typing-extensions==4.15.0,,0
	2026-02-18T23:15:38.6493990Z, + typing-inspection==0.4.2,,0
	2026-02-18T23:15:38.6810273Z, + urllib3==2.6.3,,0
	2026-02-18T23:15:38.6960998Z, + uvicorn==0.30.6,,0
	2026-02-18T23:15:38.7182235Z, + uvloop==0.22.1,,0
	2026-02-18T23:15:38.7384673Z, + watchfiles==1.1.1,,0
	2026-02-18T23:15:38.7592960Z, + websockets==16.0,,0
	2026-02-18T23:15:38.7772715Z, + wrapt==1.17.3,,0
	2026-02-18T23:15:38.8053040Z, + yfinance==0.2.54,,0
	2026-02-18T23:15:38.8347462Z, + zipp==3.23.0,,0
	2026-02-18T23:15:38.8552906Z,uv pip install done in 103 sec(s).,,0
	2026-02-18T23:15:38.8682517Z,Not a vso image&comma; so not writing build commands,,0
	2026-02-18T23:15:38.8991192Z,Build script snippets done in 162 sec(s).,,0
	2026-02-18T23:15:38.9372628Z,Preparing output...,,0
	2026-02-18T23:15:39.0013300Z,Compressing source directory directly to destination (optimized path)...,,0
	2026-02-18T23:15:39.0299848Z,Using zstd for compression,,0
	2026-02-18T23:16:31.9196476Z,Copied the compressed output to '/home/site/wwwroot',,0
	2026-02-18T23:16:32.0749236Z,Direct compression with zstd done in 56 sec(s).,,0
	2026-02-18T23:16:32.1531350Z,,,0
	2026-02-18T23:16:32.2275080Z,Removing existing manifest file,,0
	2026-02-18T23:16:32.2406125Z,Creating a manifest file...,,0
	2026-02-18T23:16:32.2735293Z,Manifest file created.,,0
	2026-02-18T23:16:32.3018442Z,Copying .ostype to manifest output directory.,,0
	2026-02-18T23:16:32.3289934Z,,,0
	2026-02-18T23:16:32.3557439Z,Total execution done in 222 sec(s).,,0
2026-02-18T23:16:33.0457377Z,Running post deployment command(s)...,d2e5476b-0e87-4060-8a18-f64be2b5652f,0
2026-02-18T23:16:33.2217531Z,,74e25712-3fed-4eda-8972-aa379dad5742,0
2026-02-18T23:16:33.3552966Z,Generating summary of Oryx build,e9da2819-c417-4c41-b151-b83c92312708,0
2026-02-18T23:16:33.6387938Z,Parsing the build logs,d9a3b0cb-32b6-4be9-9a51-7b35e025e938,0
2026-02-18T23:16:33.8206840Z,Found 0 issue(s),036ff521-d8fe-40d6-8b00-f7d1a030a265,0
2026-02-18T23:16:33.9416746Z,,cb18c5d2-dd5e-49c7-82e6-5d171b2b3df3,0
2026-02-18T23:16:34.0786703Z,Build Summary :,a28ae352-4e01-44df-b201-d9b72dac92cc,0
2026-02-18T23:16:34.4021256Z,===============,39795c94-86ca-4575-a21a-b1343b12cdc1,0
2026-02-18T23:16:34.5514459Z,Errors (0),e27c8c17-b9e8-4e9b-88ca-e1e782d429f3,0
2026-02-18T23:16:34.7356534Z,Warnings (0),92760fda-fd44-4dce-9525-b098fa734990,0
2026-02-18T23:16:34.9021074Z,,dcd1f67f-48a5-4fa5-ba8c-7e7ea77e0b80,0
2026-02-18T23:16:35.0704236Z,Triggering recycle (preview mode disabled).,c0333649-f67c-46fb-939d-a6bcf173303b,0
2026-02-18T23:16:35.3853923Z,Deployment successful. deployer = Push-Deployer deploymentPath = ZipDeploy. Extract zip. Remote build.,c5aba88c-0b2b-443f-96d9-4002aaaaeb70,0
